🔍 Discovering API resources...
   Discovery: 34.2s
🔍 Discovering operators... found 29 operators
🔍 Discovering controller pods... found 1 pods
🔍 Discovering CR instances...
 found 2 instances
🔍 Discovering related CRDs... found 0 related instances
🔍 Discovering namespace scope...
 found 2 candidate namespaces
🔍 Scanning 2 additional namespace(s)...
[namespace 1/2: openshift-nfd] elapsed 0s
✅ Scanned 269 resource types in 17.2s
   openshift-nfd — 69 resources
[namespace 2/2: y] elapsed 17s
✅ Scanned 269 resource types in 55.8s
   y — 0 resources
   Scanned 2 namespace(s), 69 total resources
   Found 10 ownerRef descendants in scanned namespaces

Coverage: 549 queries, 549 success, 0 incomplete, 0 absent, 0 missing (240.4s)
Query planner: 561 demands, 548 unique, 548 network, 13 cache hits (238.9s)
