📄 Loaded execution plan from /tmp/authorino-operator-plan.json
🔍 Discovering API resources...
   (cached, 465 types)
   Discovery: 0.0s
🔍 Discovering operators... found 26 operators
🔍 Discovering CR instances...
 found 0 direct instances
🔍 Discovering related CRD instances... 0 CRDs, 0 instances
🔍 Running preflight checks... done
🔍 Discovering namespace resources... done
✅ Execution plan validated — no drift detected

📦 Backup: capturing pre-delete resource state via operator discovery...
🔍 Discovering controller pods... found 1 pods
🔍 Discovering CR instances...
 found 0 instances
🔍 Discovering related CRDs... found 0 related instances
🔍 Discovering namespace scope...
 found 1 candidate namespaces
🔍 Scanning 1 additional namespace(s)...
[namespace 1/1: openshift-rhcl] elapsed 0s
✅ Scanned 269 resource types in 12.7s
   openshift-rhcl — 74 resources
   Scanned 1 namespace(s), 74 total resources
🔍 Running targeted adapters... found 0 resources
  5 candidate(s) for authorino-operator.v1.4.3 (5 discovery + 0 plan)
    5 captured, 0 absent
  Backup: logs/teardown-workflow-refactor/final-e2e/20261001-102624-c0cf488/cycle-a/operator/authorino-operator/20261001T105942Z-000ca821-0 (5 resources)

📓 Run journal: /home/agent/.local/state/oc-deps/clusters/73072fbb-5d55-4ad1-a239-256da1ebea4e/runs/run-18da62c1ad7c8b7b-ca821.json
⚠ Plan has 1 REVIEW item(s) with uncertain provenance; all remain preserved.

⚠ This will DELETE 2 resources (0 expected to auto-remove) across 7 phases.

  Targets: authorino-operator.v1.4.3

  Phase 0: 1 DELETE, 1 KEEP
  Phase 3: 1 DELETE
  Phase 4: 1 KEEP, 1 REVIEW
  Phase 5: 2 KEEP
  Phase 6: 1 KEEP

Proceed? [y/N] 
Phase 0  Freeze OLM
  DELETED  Subscription/authorino-operator-stable-redhat-operators-openshift-marketplace  (ns: openshift-rhcl)
  ⏳ wave 1: 1/1 Gone (0s)
  KEEP     ClusterServiceVersion/authorino-operator.v1.4.3  (ns: openshift-rhcl)
             controller needed for operand cleanup

  ⏳ 1/1 Gone, 0 Deleting, 0 FinalizerBlocked(0s)
  ✅ Barrier passed

Phase 1  Trigger operand cleanup
  (none)

Phase 2  Remaining cleanup
  (none)

Phase 3  Remove Operator controllers
  DELETED  ClusterServiceVersion/authorino-operator.v1.4.3  (ns: openshift-rhcl)
  ⏳ wave 1: 1/1 Gone (0s)

  ⏳ 1/1 Gone, 0 Deleting, 0 FinalizerBlocked(0s)
  ✅ Barrier passed

Phase 4  Namespace cleanup
  KEEP     OperatorGroup/rhcl-operator  (ns: openshift-rhcl)
             other operators remain in namespace
  REVIEW   Lease/aac3a15d.authorino.kuadrant.io  (ns: openshift-rhcl)
             leader election lease (holder references operator deployment)

Phase 5  APIs
  KEEP     CustomResourceDefinition/authconfigs.authorino.kuadrant.io  (cluster-scoped)
             eligible for prune (use --prune-crds to remove)
  KEEP     CustomResourceDefinition/authorinos.operator.authorino.kuadrant.io  (cluster-scoped)
             eligible for prune (use --prune-crds to remove)

Phase 6  Namespaces
  KEEP     Namespace/openshift-rhcl  (cluster-scoped)
             namespace cleanup requires manual verification

Execution Summary: 7/7 phases completed
  2 deleted, 0 already gone, 0 failed

Planned preserved: 5 KEEP, 1 REVIEW

🔍 Running post-execution residual audit...

Teardown Residual Audit: authorino-operator.v1.4.3
Session: run-18da62c1ad7c8b7b-ca821
Target operator absent: yes
Execution: ApplyCompleted (7/7 phases)

EXPECTED PRESERVED (6)
  ClusterServiceVersion/authorino-operator.v1.4.3  (openshift-rhcl)
    controller needed for operand cleanup
  OperatorGroup/rhcl-operator  (openshift-rhcl)
    other operators remain in namespace
  Lease/aac3a15d.authorino.kuadrant.io  (openshift-rhcl)
    leader election lease (holder references operator deployment)
  CustomResourceDefinition/authconfigs.authorino.kuadrant.io  (cluster)
    eligible for prune (use --prune-crds to remove)
  CustomResourceDefinition/authorinos.operator.authorino.kuadrant.io  (cluster)
    eligible for prune (use --prune-crds to remove)
  Namespace/openshift-rhcl  (cluster)
    namespace cleanup requires manual verification

Audit coverage: 1388/1388 probes succeeded
APPLY=0
