📄 Loaded execution plan from /tmp/gpu-operator-certified-plan.json
🔍 Discovering API resources...
   (cached, 464 types)
   Discovery: 0.0s
🔍 Discovering operators... found 18 operators
🔍 Discovering CR instances...
 found 1 direct instances
🔍 Discovering related CRD instances... 0 CRDs, 0 instances
🔍 Running preflight checks... done
🔍 Discovering namespace resources... done
✅ Execution plan validated — no drift detected

📦 Backup: capturing pre-delete resource state via operator discovery...
🔍 Discovering controller pods... found 1 pods
🔍 Discovering CR instances...
 found 1 instances
🔍 Discovering related CRDs... found 0 related instances
🔍 Discovering namespace scope...
 found 1 candidate namespaces
🔍 Scanning 1 additional namespace(s)...
[namespace 1/1: nvidia-gpu-operator] elapsed 0s
✅ Scanned 268 resource types in 19.3s
   nvidia-gpu-operator — 119 resources
   Scanned 1 namespace(s), 119 total resources
   Found 85 ownerRef descendants in scanned namespaces
🔍 Running targeted adapters... found 0 resources
  92 candidate(s) for gpu-operator-certified.v26.7.1 (91 discovery + 1 plan)
    92 captured, 0 absent
  ⚠ Backup contains Secret data (file mode 0600). Do not commit to version control.
  Backup: logs/teardown-workflow-refactor/final-e2e/20261001-102624-c0cf488/cycle-a/operator/gpu-operator-certified/20261001T114233Z-000cabf8-0 (92 resources)

📓 Run journal: /home/agent/.local/state/oc-deps/clusters/73072fbb-5d55-4ad1-a239-256da1ebea4e/runs/run-18da6517f5f4b635-cabf8.json
⚠ Preflight warnings — 1 check(s):
  Provenance
  REVIEW resources remain preserved unless explicitly approved for DELETE.
⚠ Plan has 1 REVIEW item(s) with uncertain provenance; all remain preserved.

⚠ This will DELETE 4 resources (0 expected to auto-remove) across 7 phases.

  Targets: gpu-operator-certified.v26.7.1

  Phase 0: 1 DELETE, 1 KEEP
  Phase 1: 1 DELETE
  Phase 3: 1 DELETE
  Phase 4: 1 DELETE, 1 REVIEW
  Phase 5: 5 KEEP
  Phase 6: 1 KEEP

Proceed? [y/N] 
Phase 0  Freeze OLM
  DELETED  Subscription/gpu-operator-certified  (ns: nvidia-gpu-operator)
  ⏳ wave 1: 1/1 Gone (0s)
  KEEP     ClusterServiceVersion/gpu-operator-certified.v26.7.1  (ns: nvidia-gpu-operator)
             controller needed for operand cleanup

  ⏳ 1/1 Gone, 0 Deleting, 0 FinalizerBlocked(0s)
  ✅ Barrier passed

Phase 1  Trigger operand cleanup
  DELETED  ClusterPolicy/gpu-cluster-policy  (cluster-scoped)
  ⏳ wave 1: 1/1 Gone (0s)

  ⏳ 1/1 Gone, 0 Deleting, 0 FinalizerBlocked(0s)
  ✅ Barrier passed

Phase 2  Remaining cleanup
  (none)

Phase 3  Remove Operator controllers
  DELETED  ClusterServiceVersion/gpu-operator-certified.v26.7.1  (ns: nvidia-gpu-operator)
  ⏳ wave 1: 1/1 Gone (0s)

  ⏳ 1/1 Gone, 0 Deleting, 0 FinalizerBlocked(0s)
  ✅ Barrier passed

Phase 4  Namespace cleanup
  DELETED  OperatorGroup/gpu-operator-certified  (ns: nvidia-gpu-operator)
  ⏳ wave 1: 1/1 Gone (0s)
  REVIEW   Lease/53822513.nvidia.com  (ns: nvidia-gpu-operator)
             leader election lease (holder references operator deployment)

Phase 5  APIs
  KEEP     CustomResourceDefinition/nvidiadrivers.nvidia.com  (cluster-scoped)
             eligible for prune (use --prune-crds to remove)
  KEEP     CustomResourceDefinition/gpuclusters.nvidia.com  (cluster-scoped)
             eligible for prune (use --prune-crds to remove)
  KEEP     CustomResourceDefinition/computedomains.resource.nvidia.com  (cluster-scoped)
             eligible for prune (use --prune-crds to remove)
  KEEP     CustomResourceDefinition/computedomaincliques.resource.nvidia.com  (cluster-scoped)
             eligible for prune (use --prune-crds to remove)
  KEEP     CustomResourceDefinition/clusterpolicies.nvidia.com  (cluster-scoped)
             eligible for prune (use --prune-crds to remove)

Phase 6  Namespaces
  KEEP     Namespace/nvidia-gpu-operator  (cluster-scoped)
             namespace cleanup requires manual verification

Execution Summary: 7/7 phases completed
  4 deleted, 0 already gone, 0 failed

Planned preserved: 7 KEEP, 1 REVIEW

🔍 Running post-execution residual audit...
  Residual audit settled after 4 attempt(s) (30.6s)

Teardown Residual Audit: gpu-operator-certified.v26.7.1
Session: run-18da6517f5f4b635-cabf8
Target operator absent: yes
Execution: ApplyCompleted (7/7 phases)

EXPECTED PRESERVED (8)
  ClusterServiceVersion/gpu-operator-certified.v26.7.1  (nvidia-gpu-operator)
    controller needed for operand cleanup
  Lease/53822513.nvidia.com  (nvidia-gpu-operator)
    leader election lease (holder references operator deployment)
  CustomResourceDefinition/nvidiadrivers.nvidia.com  (cluster)
    eligible for prune (use --prune-crds to remove)
  CustomResourceDefinition/gpuclusters.nvidia.com  (cluster)
    eligible for prune (use --prune-crds to remove)
  CustomResourceDefinition/computedomains.resource.nvidia.com  (cluster)
    eligible for prune (use --prune-crds to remove)
  CustomResourceDefinition/computedomaincliques.resource.nvidia.com  (cluster)
    eligible for prune (use --prune-crds to remove)
  CustomResourceDefinition/clusterpolicies.nvidia.com  (cluster)
    eligible for prune (use --prune-crds to remove)
  Namespace/nvidia-gpu-operator  (cluster)
    namespace cleanup requires manual verification

Audit coverage: 21/21 probes succeeded
APPLY=0
