📄 Loaded execution plan from /tmp/job-set-plan.json
🔍 Discovering API resources...
   (cached, 465 types)
   Discovery: 0.0s
🔍 Discovering operators... found 22 operators
🔍 Discovering CR instances...
 found 1 direct instances
🔍 Discovering related CRD instances...
 3 CRDs, 0 instances
🔍 Running preflight checks... done
🔍 Discovering namespace resources... done
✅ Execution plan validated — no drift detected

📦 Backup: capturing pre-delete resource state via operator discovery...
🔍 Discovering controller pods... found 1 pods
🔍 Discovering CR instances...
 found 1 instances
🔍 Discovering related CRDs...
 found 0 related instances
🔍 Discovering namespace scope...

 found 1 candidate namespaces
🔍 Scanning 1 additional namespace(s)...
[namespace 1/1: openshift-jobset] elapsed 0s
✅ Scanned 269 resource types in 11.6s
   openshift-jobset — 55 resources
   Scanned 1 namespace(s), 55 total resources
   Found 19 ownerRef descendants in scanned namespaces
🔍 Running targeted adapters... found 0 resources
  26 candidate(s) for jobset-operator.v1.0.1 (25 discovery + 1 plan)
    26 captured, 0 absent
  ⚠ Backup contains Secret data (file mode 0600). Do not commit to version control.
  Backup: logs/teardown-workflow-refactor/final-e2e/20261001-102624-c0cf488/cycle-a/operator/job-set/20261001T112219Z-000caa0e-0 (26 resources)


📓 Run journal: /home/agent/.local/state/oc-deps/clusters/73072fbb-5d55-4ad1-a239-256da1ebea4e/runs/run-18da63fd74f82e8c-caa0e.json
⚠ Preflight warnings — 1 check(s):
  Provenance
  REVIEW resources remain preserved unless explicitly approved for DELETE.
⚠ Plan has 1 REVIEW item(s) with uncertain provenance; all remain preserved.

⚠ This will DELETE 4 resources (0 expected to auto-remove) across 7 phases.

  Targets: jobset-operator.v1.0.1

  Phase 0: 1 DELETE, 1 KEEP
  Phase 1: 1 DELETE
  Phase 3: 1 DELETE
  Phase 4: 1 DELETE, 1 REVIEW
  Phase 5: 1 KEEP
  Phase 6: 1 KEEP

Proceed? [y/N] 
Phase 0  Freeze OLM
  DELETED  Subscription/job-set  (ns: openshift-jobset)
  ⏳ wave 1: 1/1 Gone (0s)
  KEEP     ClusterServiceVersion/jobset-operator.v1.0.1  (ns: openshift-jobset)
             controller needed for operand cleanup

  ⏳ 1/1 Gone, 0 Deleting, 0 FinalizerBlocked(0s)
  ✅ Barrier passed

Phase 1  Trigger operand cleanup
  DELETED  JobSetOperator/cluster  (cluster-scoped)
  ⏳ wave 1: 1/1 Gone (0s)

  ⏳ 1/1 Gone, 0 Deleting, 0 FinalizerBlocked(0s)
  ✅ Barrier passed

Phase 2  Remaining cleanup
  (none)

Phase 3  Remove Operator controllers
  DELETED  ClusterServiceVersion/jobset-operator.v1.0.1  (ns: openshift-jobset)
  ⏳ wave 1: 1/1 Gone (0s)

  ⏳ 1/1 Gone, 0 Deleting, 0 FinalizerBlocked(0s)
  ✅ Barrier passed

Phase 4  Namespace cleanup
  DELETED  OperatorGroup/job-set  (ns: openshift-jobset)
  ⏳ wave 1: 1/1 Gone (0s)
  REVIEW   Lease/openshift-jobset-operator-lock  (ns: openshift-jobset)
             leader election lease (holder references operator deployment)

Phase 5  APIs
  KEEP     CustomResourceDefinition/jobsetoperators.operator.openshift.io  (cluster-scoped)
             eligible for prune (use --prune-crds to remove)

Phase 6  Namespaces
  KEEP     Namespace/openshift-jobset  (cluster-scoped)
             namespace cleanup requires manual verification

Execution Summary: 7/7 phases completed
  4 deleted, 0 already gone, 0 failed

Planned preserved: 3 KEEP, 1 REVIEW

🔍 Running post-execution residual audit...

Teardown Residual Audit: jobset-operator.v1.0.1
Session: run-18da63fd74f82e8c-caa0e
Target operator absent: yes
Execution: ApplyCompleted (7/7 phases)

EXPECTED PRESERVED (4)
  ClusterServiceVersion/jobset-operator.v1.0.1  (openshift-jobset)
    controller needed for operand cleanup
  Lease/openshift-jobset-operator-lock  (openshift-jobset)
    leader election lease (holder references operator deployment)
  CustomResourceDefinition/jobsetoperators.operator.openshift.io  (cluster)
    eligible for prune (use --prune-crds to remove)
  Namespace/openshift-jobset  (cluster)
    namespace cleanup requires manual verification

Audit coverage: 17/17 probes succeeded
APPLY=0
