🔍 Discovering API resources...
🔍 Discovering operators... found 21 operators
🔍 Discovering CR instances...
 found 0 direct instances
🔍 Discovering related CRD instances... 0 CRDs, 0 instances
🔍 Running preflight checks... done
🔍 Discovering namespace resources... done
Targets
  kueue-operator.v1.4.2 (ns: openshift-kueue) (Subscription/kueue-operator@openshift-kueue)

Preflight
  ✓ Subscription resolved (kueue-operator.v1.4.2) — Subscription/kueue-operator found — will be deleted in Phase 0
  ✓ CSV health (kueue-operator.v1.4.2) — phase=Succeeded
  ✓ Controller available (kueue-operator.v1.4.2) — openshift-kueue-operator: Available (2)

Phase 0  Freeze OLM
  DELETE Subscription/kueue-operator  (ns: openshift-kueue)
         freeze OLM to prevent re-install
  KEEP   ClusterServiceVersion/kueue-operator.v1.4.2  (ns: openshift-kueue)
         controller needed for operand cleanup

  BARRIER Subscriptions deleted, controllers verified available

Phase 1  Trigger operand cleanup
  (none)

Phase 2  Remaining cleanup
  (none)

Phase 3  Remove Operator controllers
  DELETE ClusterServiceVersion/kueue-operator.v1.4.2  (ns: openshift-kueue)
         operator controller no longer needed

  BARRIER Layer 0 CSVs deleted

Phase 4  Namespace cleanup
  DELETE OperatorGroup/kueue-operator  (ns: openshift-kueue)
         operator group approved via --approve-scope operator-group
  REVIEW Lease/openshift-kueue-operator-lock  (ns: openshift-kueue)
         leader election lease (holder references operator deployment)

Phase 5  APIs
  KEEP   CustomResourceDefinition/kueues.kueue.openshift.io  (cluster-scoped)
         eligible for prune (use --prune-crds to remove)

Phase 6  Namespaces
  KEEP   Namespace/openshift-kueue  (cluster-scoped)
         namespace cleanup requires manual verification

Warnings
  1 CRDs eligible for removal but kept by default (use --prune-crds)

Summary: 3 DELETE, 0 EXPECT-GONE, 3 KEEP, 1 REVIEW
  0 blockers, 1 warnings
📄 Plan saved to /tmp/oc-deps-plans/teardown-kueue-operator.v1.4.2-2026-10-01T11-23-13.888831076_00-00.json
📄 Execution plan saved to /tmp/kueue-operator-plan.json

⏱ Discovery: 34.1s, OLM: 1.9s, Plan: 1.7s, Total: 37.8s
PLAN=0
