📄 Loaded execution plan from /tmp/limitador-operator-plan.json
🔍 Discovering API resources...
   (cached, 465 types)
   Discovery: 0.0s
🔍 Discovering operators... found 24 operators
🔍 Discovering CR instances...
 found 0 direct instances
🔍 Discovering related CRD instances... 0 CRDs, 0 instances
🔍 Running preflight checks... done
🔍 Discovering namespace resources... done
✅ Execution plan validated — no drift detected

📦 Backup: capturing pre-delete resource state via operator discovery...
🔍 Discovering controller pods... found 1 pods
🔍 Discovering CR instances...
 found 0 instances
🔍 Discovering related CRDs... found 0 related instances
🔍 Discovering namespace scope...
 found 1 candidate namespaces
🔍 Scanning 1 additional namespace(s)...
[namespace 1/1: openshift-rhcl] elapsed 0s
✅ Scanned 269 resource types in 9.8s
   openshift-rhcl — 41 resources
   Scanned 1 namespace(s), 41 total resources
🔍 Running targeted adapters... found 0 resources
  6 candidate(s) for limitador-operator.v1.4.2 (5 discovery + 1 plan)
    6 captured, 0 absent
  Backup: logs/teardown-workflow-refactor/final-e2e/20261001-102624-c0cf488/cycle-a/operator/limitador-operator/20261001T111425Z-000ca91a-0 (6 resources)

📓 Run journal: /home/agent/.local/state/oc-deps/clusters/73072fbb-5d55-4ad1-a239-256da1ebea4e/runs/run-18da638efb387dc9-ca91a.json
⚠ Plan has 2 REVIEW item(s) with uncertain provenance; all remain preserved.

⚠ This will DELETE 3 resources (0 expected to auto-remove) across 7 phases.

  Targets: limitador-operator.v1.4.2

  Phase 0: 1 DELETE, 1 KEEP
  Phase 3: 1 DELETE
  Phase 4: 1 DELETE, 2 REVIEW
  Phase 5: 1 KEEP
  Phase 6: 1 KEEP

Proceed? [y/N] 
Phase 0  Freeze OLM
  DELETED  Subscription/limitador-operator-stable-redhat-operators-openshift-marketplace  (ns: openshift-rhcl)
  ⏳ wave 1: 1/1 Gone (0s)
  KEEP     ClusterServiceVersion/limitador-operator.v1.4.2  (ns: openshift-rhcl)
             controller needed for operand cleanup

  ⏳ 1/1 Gone, 0 Deleting, 0 FinalizerBlocked(0s)
  ✅ Barrier passed

Phase 1  Trigger operand cleanup
  (none)

Phase 2  Remaining cleanup
  (none)

Phase 3  Remove Operator controllers
  DELETED  ClusterServiceVersion/limitador-operator.v1.4.2  (ns: openshift-rhcl)
  ⏳ wave 1: 1/1 Gone (0s)

  ⏳ 1/1 Gone, 0 Deleting, 0 FinalizerBlocked(0s)
  ✅ Barrier passed

Phase 4  Namespace cleanup
  DELETED  OperatorGroup/rhcl-operator  (ns: openshift-rhcl)
  ⏳ wave 1: 1/1 Gone (0s)
  REVIEW   Lease/3745a16e.kuadrant.io  (ns: openshift-rhcl)
             leader election lease (holder references operator deployment)
  REVIEW   ConfigMap/limitador-operator-manager-config  (ns: openshift-rhcl)
             operator-related ConfigMap — verify before deleting

Phase 5  APIs
  KEEP     CustomResourceDefinition/limitadors.limitador.kuadrant.io  (cluster-scoped)
             eligible for prune (use --prune-crds to remove)

Phase 6  Namespaces
  KEEP     Namespace/openshift-rhcl  (cluster-scoped)
             namespace cleanup requires manual verification

Execution Summary: 7/7 phases completed
  3 deleted, 0 already gone, 0 failed

Planned preserved: 3 KEEP, 2 REVIEW

🔍 Running post-execution residual audit...

Teardown Residual Audit: limitador-operator.v1.4.2
Session: run-18da638efb387dc9-ca91a
Target operator absent: yes
Execution: ApplyCompleted (7/7 phases)

EXPECTED PRESERVED (5)
  ClusterServiceVersion/limitador-operator.v1.4.2  (openshift-rhcl)
    controller needed for operand cleanup
  Lease/3745a16e.kuadrant.io  (openshift-rhcl)
    leader election lease (holder references operator deployment)
  ConfigMap/limitador-operator-manager-config  (openshift-rhcl)
    operator-related ConfigMap — verify before deleting
  CustomResourceDefinition/limitadors.limitador.kuadrant.io  (cluster)
    eligible for prune (use --prune-crds to remove)
  Namespace/openshift-rhcl  (cluster)
    namespace cleanup requires manual verification

Audit coverage: 1290/1290 probes succeeded
APPLY=0
