📄 Loaded execution plan from /tmp/nfd-plan.json
🔍 Discovering API resources...
   (cached, 464 types)
   Discovery: 0.0s
🔍 Discovering operators... found 19 operators
🔍 Discovering CR instances...
 found 2 direct instances
🔍 Discovering related CRD instances... 0 CRDs, 0 instances
🔍 Running preflight checks... done
🔍 Discovering namespace resources... done
✅ Execution plan validated — no drift detected

📦 Backup: capturing pre-delete resource state via operator discovery...
🔍 Discovering controller pods... found 1 pods
🔍 Discovering CR instances...
 found 2 instances
🔍 Discovering related CRDs... found 0 related instances
🔍 Discovering namespace scope...
 found 2 candidate namespaces
🔍 Scanning 2 additional namespace(s)...
[namespace 1/2: y] elapsed 0s
✅ Scanned 268 resource types in 23.9s
   y — 0 resources
[namespace 2/2: openshift-nfd] elapsed 23s
✅ Scanned 268 resource types in 13.3s
   openshift-nfd — 60 resources
   Scanned 2 namespace(s), 60 total resources
   Found 10 ownerRef descendants in scanned namespaces
🔍 Running targeted adapters... found 2 resources
  20 candidate(s) for nfd.4.22.0-202609212027 (19 discovery + 1 plan)
    20 captured, 0 absent
  Backup: logs/teardown-workflow-refactor/final-e2e/20261001-102624-c0cf488/cycle-a/operator/nfd/20261001T114041Z-000cab90-0 (20 resources)

📓 Run journal: /home/agent/.local/state/oc-deps/clusters/73072fbb-5d55-4ad1-a239-256da1ebea4e/runs/run-18da64fe5eeb91ce-cab90.json
⚠ Preflight warnings — 1 check(s):
  Provenance
  REVIEW resources remain preserved unless explicitly approved for DELETE.
⚠ Plan has 3 REVIEW item(s) with uncertain provenance; all remain preserved.

⚠ This will DELETE 5 resources (0 expected to auto-remove) across 7 phases.

  Targets: nfd.4.22.0-202609212027

  Phase 0: 1 DELETE, 1 KEEP
  Phase 1: 2 DELETE
  Phase 3: 1 DELETE
  Phase 4: 1 DELETE, 3 REVIEW
  Phase 5: 6 KEEP
  Phase 6: 1 KEEP

Proceed? [y/N] 
Phase 0  Freeze OLM
  DELETED  Subscription/nfd  (ns: openshift-nfd)
  ⏳ wave 1: 1/1 Gone (0s)
  KEEP     ClusterServiceVersion/nfd.4.22.0-202609212027  (ns: openshift-nfd)
             controller needed for operand cleanup

  ⏳ 1/1 Gone, 0 Deleting, 0 FinalizerBlocked(0s)
  ✅ Barrier passed

Phase 1  Trigger operand cleanup
  DELETED  NodeFeatureDiscovery/nfd-instance  (ns: openshift-nfd)
  DELETED  NodeFeature/ip-10-0-23-226.us-east-2.compute.internal  (ns: openshift-nfd)
  ⏳ wave 1: 2/2 Gone (0s)

  ⏳ 2/2 Gone, 0 Deleting, 0 FinalizerBlocked(0s)
  ✅ Barrier passed

Phase 2  Remaining cleanup
  (none)

Phase 3  Remove Operator controllers
  DELETED  ClusterServiceVersion/nfd.4.22.0-202609212027  (ns: openshift-nfd)
  ⏳ wave 1: 1/1 Gone (0s)

  ⏳ 1/1 Gone, 0 Deleting, 0 FinalizerBlocked(0s)
  ✅ Barrier passed

Phase 4  Namespace cleanup
  DELETED  OperatorGroup/nfd  (ns: openshift-nfd)
  ⏳ wave 1: 1/1 Gone (0s)
  REVIEW   Lease/39f5e5c3.nodefeaturediscoveries.nfd.openshift.io  (ns: openshift-nfd)
             leader election lease (holder references operator deployment)
  REVIEW   ConfigMap/nfd-manager-config  (ns: openshift-nfd)
             operator-related ConfigMap — verify before deleting
  REVIEW   ConfigMap/nfd-worker  (ns: openshift-nfd)
             operator-related ConfigMap — verify before deleting

Phase 5  APIs
  KEEP     CustomResourceDefinition/nodefeaturediscoveries.nfd.openshift.io  (cluster-scoped)
             eligible for prune (use --prune-crds to remove)
  KEEP     CustomResourceDefinition/nodefeaturegroups.nfd.k8s-sigs.io  (cluster-scoped)
             eligible for prune (use --prune-crds to remove)
  KEEP     CustomResourceDefinition/nodefeaturerules.nfd.k8s-sigs.io  (cluster-scoped)
             eligible for prune (use --prune-crds to remove)
  KEEP     CustomResourceDefinition/nodefeaturerules.nfd.openshift.io  (cluster-scoped)
             eligible for prune (use --prune-crds to remove)
  KEEP     CustomResourceDefinition/nodefeatures.nfd.k8s-sigs.io  (cluster-scoped)
             eligible for prune (use --prune-crds to remove)
  KEEP     CustomResourceDefinition/nodefeatures.nfd.openshift.io  (cluster-scoped)
             eligible for prune (use --prune-crds to remove)

Phase 6  Namespaces
  KEEP     Namespace/openshift-nfd  (cluster-scoped)
             namespace cleanup requires manual verification

Execution Summary: 7/7 phases completed
  5 deleted, 0 already gone, 0 failed

Planned preserved: 8 KEEP, 3 REVIEW

🔍 Running post-execution residual audit...

Teardown Residual Audit: nfd.4.22.0-202609212027
Session: run-18da64fe5eeb91ce-cab90
Target operator absent: yes
Execution: ApplyCompleted (7/7 phases)

EXPECTED PRESERVED (11)
  ClusterServiceVersion/nfd.4.22.0-202609212027  (openshift-nfd)
    controller needed for operand cleanup
  Lease/39f5e5c3.nodefeaturediscoveries.nfd.openshift.io  (openshift-nfd)
    leader election lease (holder references operator deployment)
  ConfigMap/nfd-manager-config  (openshift-nfd)
    operator-related ConfigMap — verify before deleting
  ConfigMap/nfd-worker  (openshift-nfd)
    operator-related ConfigMap — verify before deleting
  CustomResourceDefinition/nodefeaturediscoveries.nfd.openshift.io  (cluster)
    eligible for prune (use --prune-crds to remove)
  CustomResourceDefinition/nodefeaturegroups.nfd.k8s-sigs.io  (cluster)
    eligible for prune (use --prune-crds to remove)
  CustomResourceDefinition/nodefeaturerules.nfd.k8s-sigs.io  (cluster)
    eligible for prune (use --prune-crds to remove)
  CustomResourceDefinition/nodefeaturerules.nfd.openshift.io  (cluster)
    eligible for prune (use --prune-crds to remove)
  CustomResourceDefinition/nodefeatures.nfd.k8s-sigs.io  (cluster)
    eligible for prune (use --prune-crds to remove)
  CustomResourceDefinition/nodefeatures.nfd.openshift.io  (cluster)
    eligible for prune (use --prune-crds to remove)
  Namespace/openshift-nfd  (cluster)
    namespace cleanup requires manual verification

Audit coverage: 41/41 probes succeeded
APPLY=0
