🔍 Discovering API resources...
🔍 Discovering operators... found 17 operators
🔍 Discovering CR instances...
 found 1 direct instances
🔍 Discovering related CRD instances... 0 CRDs, 0 instances
🔍 Running preflight checks... done
🔍 Discovering namespace resources... done
Targets
  cert-manager-operator.v1.20.1 (ns: cert-manager-operator) (Subscription/openshift-cert-manager-operator@cert-manager-operator)

Preflight
  ✓ Subscription resolved (cert-manager-operator.v1.20.1) — Subscription/openshift-cert-manager-operator found — will be deleted in Phase 0
  ✓ CSV health (cert-manager-operator.v1.20.1) — phase=Succeeded
  ✓ Controller available (cert-manager-operator.v1.20.1) — cert-manager-operator-controller-manager: Available (1)
  ! Provenance — 1 CRs have uncertain provenance (will be marked REVIEW if independent)

Phase 0  Freeze OLM
  DELETE Subscription/openshift-cert-manager-operator  (ns: cert-manager-operator)
         freeze OLM to prevent re-install
  KEEP   ClusterServiceVersion/cert-manager-operator.v1.20.1  (ns: cert-manager-operator)
         controller needed for operand cleanup

  BARRIER Subscriptions deleted, controllers verified available

Phase 1  Trigger operand cleanup
  DELETE CertManager/cluster  (cluster-scoped)
         independent CR approved via --approve-scope independent

  BARRIER All operands removed (deleted + expected)

Phase 2  Remaining cleanup
  (none)

Phase 3  Remove Operator controllers
  DELETE ClusterServiceVersion/cert-manager-operator.v1.20.1  (ns: cert-manager-operator)
         operator controller no longer needed

  BARRIER Layer 0 CSVs deleted

Phase 4  Namespace cleanup
  DELETE OperatorGroup/openshift-cert-manager-operator  (ns: cert-manager-operator)
         operator group approved via --approve-scope operator-group
  REVIEW Lease/cert-manager-operator-lock  (ns: cert-manager-operator)
         leader election lease (holder references operator deployment)
  REVIEW ConfigMap/cert-manager-operator-trusted-ca-bundle  (ns: cert-manager-operator)
         operator-related ConfigMap — verify before deleting

Phase 5  APIs
  KEEP   CustomResourceDefinition/bundles.trust.cert-manager.io  (cluster-scoped)
         eligible for prune (use --prune-crds to remove)
  KEEP   CustomResourceDefinition/certificaterequests.cert-manager.io  (cluster-scoped)
         eligible for prune (use --prune-crds to remove)
  KEEP   CustomResourceDefinition/certificates.cert-manager.io  (cluster-scoped)
         eligible for prune (use --prune-crds to remove)
  KEEP   CustomResourceDefinition/certmanagers.operator.openshift.io  (cluster-scoped)
         eligible for prune (use --prune-crds to remove)
  KEEP   CustomResourceDefinition/challenges.acme.cert-manager.io  (cluster-scoped)
         eligible for prune (use --prune-crds to remove)
  KEEP   CustomResourceDefinition/clusterissuers.cert-manager.io  (cluster-scoped)
         eligible for prune (use --prune-crds to remove)
  KEEP   CustomResourceDefinition/issuers.cert-manager.io  (cluster-scoped)
         eligible for prune (use --prune-crds to remove)
  KEEP   CustomResourceDefinition/istiocsrs.operator.openshift.io  (cluster-scoped)
         eligible for prune (use --prune-crds to remove)
  KEEP   CustomResourceDefinition/orders.acme.cert-manager.io  (cluster-scoped)
         eligible for prune (use --prune-crds to remove)
  KEEP   CustomResourceDefinition/trustmanagers.operator.openshift.io  (cluster-scoped)
         eligible for prune (use --prune-crds to remove)

Phase 6  Namespaces
  KEEP   Namespace/cert-manager-operator  (cluster-scoped)
         namespace cleanup requires manual verification

Warnings
  1 CRs have uncertain provenance (owned API, but origin unknown)
  10 CRDs eligible for removal but kept by default (use --prune-crds)

Summary: 4 DELETE, 0 EXPECT-GONE, 12 KEEP, 2 REVIEW
  0 blockers, 2 warnings
📄 Plan saved to /tmp/oc-deps-plans/teardown-cert-manager-operator.v1.20.1-2026-10-01T11-43-51.471058237_00-00.json
📄 Execution plan saved to /tmp/openshift-cert-manager-operator-plan.json

⏱ Discovery: 32.6s, OLM: 1.1s, Plan: 3.5s, Total: 37.4s
PLAN=0
