📄 Loaded execution plan from /tmp/rhcl-operator-plan.json
🔍 Discovering API resources...
   Discovery: 33.8s
🔍 Discovering operators... found 27 operators
🔍 Discovering CR instances...
 found 2 direct instances
🔍 Discovering related CRD instances... 0 CRDs, 0 instances
🔍 Running preflight checks... done
🔍 Discovering namespace resources... done
✅ Execution plan validated — no drift detected

📦 Backup: capturing pre-delete resource state via operator discovery...
🔍 Discovering controller pods... found 1 pods
🔍 Discovering CR instances...
 found 2 instances
🔍 Discovering related CRDs... found 0 related instances
🔍 Discovering namespace scope...
 found 2 candidate namespaces
🔍 Scanning 2 additional namespace(s)...
[namespace 1/2: openshift-ingress] elapsed 0s
✅ Scanned 269 resource types in 14.9s
   openshift-ingress — 52 resources
[namespace 2/2: openshift-rhcl] elapsed 14s
✅ Scanned 269 resource types in 11.7s
   openshift-rhcl — 138 resources
   Scanned 2 namespace(s), 190 total resources
   Found 26 ownerRef descendants in scanned namespaces
🔍 Running targeted adapters... found 0 resources
  38 candidate(s) for rhcl-operator.v1.4.3 (34 discovery + 4 plan)
    38 captured, 0 absent
  ⚠ Backup contains Secret data (file mode 0600). Do not commit to version control.
  Backup: logs/teardown-workflow-refactor/final-e2e/20261001-102624-c0cf488/cycle-a/operator/rhcl-operator/20261001T104824Z-000ca76f-0 (38 resources)

📓 Run journal: /home/agent/.local/state/oc-deps/clusters/73072fbb-5d55-4ad1-a239-256da1ebea4e/runs/run-18da6223a761605a-ca76f.json
⚠ Preflight warnings — 1 check(s):
  Provenance
  REVIEW resources remain preserved unless explicitly approved for DELETE.
⚠ Plan has 1 REVIEW item(s) with uncertain provenance; all remain preserved.

⚠ This will DELETE 8 resources (0 expected to auto-remove) across 8 phases.

  Targets: rhcl-operator.v1.4.3

  Phase 0: 1 DELETE, 1 KEEP
  Phase 1: 2 DELETE
  Phase 3: 1 DELETE
  Phase 4: 1 KEEP, 1 REVIEW
  Phase 5: 4 DELETE
  Phase 6: 13 KEEP
  Phase 7: 1 KEEP

Proceed? [y/N] 
Phase 0  Freeze OLM
  DELETED  Subscription/rhcl-operator  (ns: openshift-rhcl)
  ⏳ wave 1: 1/1 Gone (0s)
  KEEP     ClusterServiceVersion/rhcl-operator.v1.4.3  (ns: openshift-rhcl)
             controller needed for operand cleanup

  ⏳ 1/1 Gone, 0 Deleting, 0 FinalizerBlocked(0s)
  ✅ Barrier passed

Phase 1  Trigger operand cleanup
  DELETED  AuthPolicy/maas-gateway-auth  (ns: openshift-ingress)
  DELETED  Kuadrant/kuadrant  (ns: openshift-rhcl)
  ⏳ wave 1: 2/2 Gone (0s)

  ⏳ 2/2 Gone, 0 Deleting, 0 FinalizerBlocked(0s)
  ✅ Barrier passed

Phase 2  Remaining cleanup
  (none)

Phase 3  Remove Operator controllers
  DELETED  ClusterServiceVersion/rhcl-operator.v1.4.3  (ns: openshift-rhcl)


  ⏳ 1/1 Gone, 0 Deleting, 0 FinalizerBlocked(0s)
  ✅ Barrier passed

Phase 4  Namespace cleanup
  KEEP     OperatorGroup/rhcl-operator  (ns: openshift-rhcl)
             other operators remain in namespace
  REVIEW   Lease/f139389e.kuadrant.io  (ns: openshift-rhcl)
             leader election lease (holder references operator deployment)

Phase 5  Explicit cleanup
  🔒 Revalidating explicit targets...
  ✅ All explicit targets validated
  DELETED  Deployment/kuadrant-console-plugin  (ns: openshift-rhcl)
  DELETED  ConfigMap/kuadrant-console-nginx-conf  (ns: openshift-rhcl)
  DELETED  ConsolePlugin/kuadrant-console-plugin  (cluster-scoped)
  DELETED  Service/kuadrant-console-plugin  (ns: openshift-rhcl)
  ⏳ wave 1: 4/4 Gone (0s)

  ⏳ 4/4 Gone, 0 Deleting, 0 FinalizerBlocked(0s)
  ✅ Barrier passed

Phase 6  APIs
  KEEP     CustomResourceDefinition/apikeyapprovals.devportal.kuadrant.io  (cluster-scoped)
             eligible for prune (use --prune-crds to remove)
  KEEP     CustomResourceDefinition/apikeyrequests.devportal.kuadrant.io  (cluster-scoped)
             eligible for prune (use --prune-crds to remove)
  KEEP     CustomResourceDefinition/apikeys.devportal.kuadrant.io  (cluster-scoped)
             eligible for prune (use --prune-crds to remove)
  KEEP     CustomResourceDefinition/apiproducts.devportal.kuadrant.io  (cluster-scoped)
             eligible for prune (use --prune-crds to remove)
  KEEP     CustomResourceDefinition/authpolicies.kuadrant.io  (cluster-scoped)
             eligible for prune (use --prune-crds to remove)
  KEEP     CustomResourceDefinition/dnspolicies.kuadrant.io  (cluster-scoped)
             eligible for prune (use --prune-crds to remove)
  KEEP     CustomResourceDefinition/kuadrants.kuadrant.io  (cluster-scoped)
             eligible for prune (use --prune-crds to remove)
  KEEP     CustomResourceDefinition/oidcpolicies.extensions.kuadrant.io  (cluster-scoped)
             eligible for prune (use --prune-crds to remove)
  KEEP     CustomResourceDefinition/planpolicies.extensions.kuadrant.io  (cluster-scoped)
             eligible for prune (use --prune-crds to remove)
  KEEP     CustomResourceDefinition/ratelimitpolicies.kuadrant.io  (cluster-scoped)
             eligible for prune (use --prune-crds to remove)
  KEEP     CustomResourceDefinition/telemetrypolicies.extensions.kuadrant.io  (cluster-scoped)
             eligible for prune (use --prune-crds to remove)
  KEEP     CustomResourceDefinition/tlspolicies.kuadrant.io  (cluster-scoped)
             eligible for prune (use --prune-crds to remove)
  KEEP     CustomResourceDefinition/tokenratelimitpolicies.kuadrant.io  (cluster-scoped)
             eligible for prune (use --prune-crds to remove)

Phase 7  Namespaces
  KEEP     Namespace/openshift-rhcl  (cluster-scoped)
             namespace cleanup requires manual verification

Execution Summary: 8/8 phases completed
  8 deleted, 0 already gone, 0 failed

Planned preserved: 16 KEEP, 1 REVIEW

🔍 Running post-execution residual audit...

Teardown Residual Audit: rhcl-operator.v1.4.3
Session: run-18da6223a761605a-ca76f
Target operator absent: yes
Execution: ApplyCompleted (8/8 phases)

EXPECTED PRESERVED (17)
  ClusterServiceVersion/rhcl-operator.v1.4.3  (openshift-rhcl)
    controller needed for operand cleanup
  OperatorGroup/rhcl-operator  (openshift-rhcl)
    other operators remain in namespace
  Lease/f139389e.kuadrant.io  (openshift-rhcl)
    leader election lease (holder references operator deployment)
  CustomResourceDefinition/apikeyapprovals.devportal.kuadrant.io  (cluster)
    eligible for prune (use --prune-crds to remove)
  CustomResourceDefinition/apikeyrequests.devportal.kuadrant.io  (cluster)
    eligible for prune (use --prune-crds to remove)
  CustomResourceDefinition/apikeys.devportal.kuadrant.io  (cluster)
    eligible for prune (use --prune-crds to remove)
  CustomResourceDefinition/apiproducts.devportal.kuadrant.io  (cluster)
    eligible for prune (use --prune-crds to remove)
  CustomResourceDefinition/authpolicies.kuadrant.io  (cluster)
    eligible for prune (use --prune-crds to remove)
  CustomResourceDefinition/dnspolicies.kuadrant.io  (cluster)
    eligible for prune (use --prune-crds to remove)
  CustomResourceDefinition/kuadrants.kuadrant.io  (cluster)
    eligible for prune (use --prune-crds to remove)
  CustomResourceDefinition/oidcpolicies.extensions.kuadrant.io  (cluster)
    eligible for prune (use --prune-crds to remove)
  CustomResourceDefinition/planpolicies.extensions.kuadrant.io  (cluster)
    eligible for prune (use --prune-crds to remove)
  CustomResourceDefinition/ratelimitpolicies.kuadrant.io  (cluster)
    eligible for prune (use --prune-crds to remove)
  CustomResourceDefinition/telemetrypolicies.extensions.kuadrant.io  (cluster)
    eligible for prune (use --prune-crds to remove)
  CustomResourceDefinition/tlspolicies.kuadrant.io  (cluster)
    eligible for prune (use --prune-crds to remove)
  CustomResourceDefinition/tokenratelimitpolicies.kuadrant.io  (cluster)
    eligible for prune (use --prune-crds to remove)
  Namespace/openshift-rhcl  (cluster)
    namespace cleanup requires manual verification

Audit coverage: 2483/2483 probes succeeded
APPLY=0
