# /tmp/oc-deps-issue46-impl/target/release/oc-deps teardown apply /tmp/oc-deps-issue46-impl/logs/full-teardown-completion/phase-d-evidence/cycle-a-v3/plans/job-set.json -y --dry-run --backup-dir /tmp/cycle-a-v3-backup
📄 Loaded execution plan from /tmp/oc-deps-issue46-impl/logs/full-teardown-completion/phase-d-evidence/cycle-a-v3/plans/job-set.json
🔍 Discovering API resources...
   (cached, 465 types)
   Discovery: 0.0s
🔍 Discovering operators... found 29 operators
🔍 Discovering CR instances...
 found 1 direct instances
🔍 Discovering related CRD instances...
 3 CRDs, 0 instances
🔍 Running preflight checks... done
🔍 Discovering namespace resources... done
✅ Execution plan validated — no drift detected
📄 Plan saved to /tmp/oc-deps-plans/teardown-jobset-operator.v1.0.1-2026-09-29T17-38-37.567867862_00-00.json

📦 Backup: capturing pre-delete resource state via operator discovery...
🔍 Discovering controller pods... found 1 pods
🔍 Discovering CR instances...
 found 1 instances
🔍 Discovering related CRDs...
 found 0 related instances
🔍 Discovering namespace scope...

 found 1 candidate namespaces
🔍 Scanning 1 additional namespace(s)...
[namespace 1/1: openshift-jobset] elapsed 0s
✅ Scanned 269 resource types in 17.3s
   openshift-jobset — 60 resources
   Scanned 1 namespace(s), 60 total resources
   Found 19 ownerRef descendants in scanned namespaces
🔍 Running targeted adapters... found 0 resources
  26 candidate(s) for jobset-operator.v1.0.1 (25 discovery + 1 plan)
    26 captured, 0 absent
  ⚠ Backup contains Secret data (file mode 0600). Do not commit to version control.
  Backup: /tmp/cycle-a-v3-backup/operator/job-set/20260929T173902Z-00047992-0 (26 resources)
── DRY RUN ──


Phase 0  Freeze OLM
  DRY-DELETE Subscription/job-set  (ns: openshift-jobset)
             freeze OLM to prevent re-install
  KEEP     ClusterServiceVersion/jobset-operator.v1.0.1  (ns: openshift-jobset)
             controller needed for operand cleanup

  BARRIER (skipped in dry-run)

Phase 1  Trigger operand cleanup
  DRY-DELETE JobSetOperator/cluster  (cluster-scoped)
             independent CR approved via --approve-scope independent

  BARRIER (skipped in dry-run)

Phase 2  Remaining cleanup
  (none)

Phase 3  Remove Operator controllers
  DRY-DELETE ClusterServiceVersion/jobset-operator.v1.0.1  (ns: openshift-jobset)
             operator controller no longer needed

  BARRIER (skipped in dry-run)

Phase 4  Namespace cleanup
  DRY-DELETE OperatorGroup/job-set  (ns: openshift-jobset)
             operator group approved via --approve-scope operator-group
  REVIEW   Lease/openshift-jobset-operator-lock  (ns: openshift-jobset)
             leader election lease (holder references operator deployment)

Phase 5  APIs
  KEEP     CustomResourceDefinition/jobsetoperators.operator.openshift.io  (cluster-scoped)
             eligible for prune (use --prune-crds to remove)

Phase 6  Namespaces
  KEEP     Namespace/openshift-jobset  (cluster-scoped)
             namespace cleanup requires manual verification

Execution Summary: 7/7 phases completed
  0 deleted, 0 already gone, 0 failed

Planned preserved: 3 KEEP, 1 REVIEW
exit=0
