# /tmp/oc-deps-issue46-impl/target/release/oc-deps teardown apply /tmp/oc-deps-issue46-impl/logs/full-teardown-completion/phase-d-evidence/cycle-a-v3/plans/nfd.json -y --dry-run --backup-dir /tmp/cycle-a-v3-backup
📄 Loaded execution plan from /tmp/oc-deps-issue46-impl/logs/full-teardown-completion/phase-d-evidence/cycle-a-v3/plans/nfd.json
🔍 Discovering API resources...
   (cached, 465 types)
   Discovery: 0.0s
🔍 Discovering operators... found 29 operators
🔍 Discovering CR instances...
 found 2 direct instances
🔍 Discovering related CRD instances... 0 CRDs, 0 instances
🔍 Running preflight checks... done
🔍 Discovering namespace resources... done
✅ Execution plan validated — no drift detected
📄 Plan saved to /tmp/oc-deps-plans/teardown-nfd.4.22.0-202609212027-2026-09-29T17-40-37.212621093_00-00.json

📦 Backup: capturing pre-delete resource state via operator discovery...
🔍 Discovering controller pods... found 1 pods
🔍 Discovering CR instances...
 found 2 instances
🔍 Discovering related CRDs... found 0 related instances
🔍 Discovering namespace scope...
 found 2 candidate namespaces
🔍 Scanning 2 additional namespace(s)...
[namespace 1/2: y] elapsed 0s
✅ Scanned 269 resource types in 28.9s
   y — 0 resources
[namespace 2/2: openshift-nfd] elapsed 28s
✅ Scanned 269 resource types in 13.4s
   openshift-nfd — 67 resources
   Scanned 2 namespace(s), 67 total resources
   Found 10 ownerRef descendants in scanned namespaces
🔍 Running targeted adapters... found 2 resources
  20 candidate(s) for nfd.4.22.0-202609212027 (19 discovery + 1 plan)
    20 captured, 0 absent
  Backup: /tmp/cycle-a-v3-backup/operator/nfd/20260929T174127Z-00047a5b-0 (20 resources)
── DRY RUN ──


Phase 0  Freeze OLM
  DRY-DELETE Subscription/nfd  (ns: openshift-nfd)
             freeze OLM to prevent re-install
  KEEP     ClusterServiceVersion/nfd.4.22.0-202609212027  (ns: openshift-nfd)
             controller needed for operand cleanup

  BARRIER (skipped in dry-run)

Phase 1  Trigger operand cleanup
  DRY-DELETE NodeFeature/ip-10-0-23-226.us-east-2.compute.internal  (ns: openshift-nfd)
             independent CR approved via --approve-scope independent
  DRY-DELETE NodeFeatureDiscovery/nfd-instance  (ns: openshift-nfd)
             independent CR approved via --approve-scope independent

  BARRIER (skipped in dry-run)

Phase 2  Remaining cleanup
  (none)

Phase 3  Remove Operator controllers
  DRY-DELETE ClusterServiceVersion/nfd.4.22.0-202609212027  (ns: openshift-nfd)
             operator controller no longer needed

  BARRIER (skipped in dry-run)

Phase 4  Namespace cleanup
  DRY-DELETE OperatorGroup/nfd  (ns: openshift-nfd)
             operator group approved via --approve-scope operator-group
  REVIEW   Lease/39f5e5c3.nodefeaturediscoveries.nfd.openshift.io  (ns: openshift-nfd)
             leader election lease (holder references operator deployment)
  REVIEW   ConfigMap/nfd-manager-config  (ns: openshift-nfd)
             operator-related ConfigMap — verify before deleting
  REVIEW   ConfigMap/nfd-worker  (ns: openshift-nfd)
             operator-related ConfigMap — verify before deleting

Phase 5  APIs
  KEEP     CustomResourceDefinition/nodefeaturediscoveries.nfd.openshift.io  (cluster-scoped)
             eligible for prune (use --prune-crds to remove)
  KEEP     CustomResourceDefinition/nodefeaturegroups.nfd.k8s-sigs.io  (cluster-scoped)
             eligible for prune (use --prune-crds to remove)
  KEEP     CustomResourceDefinition/nodefeaturerules.nfd.k8s-sigs.io  (cluster-scoped)
             eligible for prune (use --prune-crds to remove)
  KEEP     CustomResourceDefinition/nodefeaturerules.nfd.openshift.io  (cluster-scoped)
             eligible for prune (use --prune-crds to remove)
  KEEP     CustomResourceDefinition/nodefeatures.nfd.k8s-sigs.io  (cluster-scoped)
             eligible for prune (use --prune-crds to remove)
  KEEP     CustomResourceDefinition/nodefeatures.nfd.openshift.io  (cluster-scoped)
             eligible for prune (use --prune-crds to remove)

Phase 6  Namespaces
  KEEP     Namespace/openshift-nfd  (cluster-scoped)
             namespace cleanup requires manual verification

Execution Summary: 7/7 phases completed
  0 deleted, 0 already gone, 0 failed

Planned preserved: 8 KEEP, 3 REVIEW
exit=0
