# /tmp/oc-deps-issue46-impl/target/release/oc-deps teardown plan authorino-operator --approve-scope root --approve-scope independent --approve-scope label-only --approve-scope operator-group --refresh-discovery --file /tmp/oc-deps-issue46-impl/logs/full-teardown-completion/phase-d-evidence/cycle-a-v3/plans/authorino-operator.json
🔍 Discovering API resources...
🔍 Discovering operators... found 29 operators
🔍 Discovering CR instances...
 found 5 direct instances
🔍 Discovering related CRD instances... 0 CRDs, 0 instances
🔍 Running preflight checks... done
🔍 Discovering namespace resources... done
Targets
  authorino-operator.v1.4.3 (ns: openshift-rhcl) (Subscription/authorino-operator-stable-redhat-operators-openshift-marketplace@openshift-rhcl)

Preflight
  ✓ Subscription resolved (authorino-operator.v1.4.3) — Subscription/authorino-operator-stable-redhat-operators-openshift-marketplace found — will be deleted in Phase 0
  ✓ CSV health (authorino-operator.v1.4.3) — phase=Succeeded
  ✓ Controller available (authorino-operator.v1.4.3) — authorino-operator: Available (1)
  ! Provenance — 5 CRs have uncertain provenance (will be marked REVIEW if independent)

Phase 0  Freeze OLM
  DELETE Subscription/authorino-operator-stable-redhat-operators-openshift-marketplace  (ns: openshift-rhcl)
         freeze OLM to prevent re-install
  KEEP   ClusterServiceVersion/authorino-operator.v1.4.3  (ns: openshift-rhcl)
         controller needed for operand cleanup

  BARRIER Subscriptions deleted, controllers verified available

Phase 1  Trigger operand cleanup
  DELETE AuthConfig/002268263f8bb03204567714a8f374dbaf67e0353162e6d450af43df8900c427  (ns: openshift-rhcl)
         independent CR approved via --approve-scope independent
  DELETE AuthConfig/32c5926417ce74d07104e03d2afed39d36dfb3e0cd65e94a5f8f1e7b85163a98  (ns: openshift-rhcl)
         independent CR approved via --approve-scope independent
  DELETE AuthConfig/77d78fccf2af9dd49c04b2afd9490521a51584cb63af0ecef56e9bae12d430c1  (ns: openshift-rhcl)
         independent CR approved via --approve-scope independent
  DELETE AuthConfig/9a9b0d8c5f8335cb2f5af8be2bef8c1a7ef8846ba736ea4a7135bd4b966f4f63  (ns: openshift-rhcl)
         independent CR approved via --approve-scope independent
  DELETE Authorino/authorino  (ns: openshift-rhcl)
         independent CR approved via --approve-scope independent

  BARRIER All operands removed (deleted + expected)

Phase 2  Remaining cleanup
  (none)

Phase 3  Remove Operator controllers
  DELETE ClusterServiceVersion/authorino-operator.v1.4.3  (ns: openshift-rhcl)
         operator controller no longer needed

  BARRIER Layer 0 CSVs deleted

Phase 4  Namespace cleanup
  KEEP   OperatorGroup/rhcl-operator  (ns: openshift-rhcl)
         other operators remain in namespace
  REVIEW Lease/aac3a15d.authorino.kuadrant.io  (ns: openshift-rhcl)
         leader election lease (holder references operator deployment)

Phase 5  APIs
  KEEP   CustomResourceDefinition/authconfigs.authorino.kuadrant.io  (cluster-scoped)
         eligible for prune (use --prune-crds to remove)
  KEEP   CustomResourceDefinition/authorinos.operator.authorino.kuadrant.io  (cluster-scoped)
         eligible for prune (use --prune-crds to remove)

Phase 6  Namespaces
  KEEP   Namespace/openshift-rhcl  (cluster-scoped)
         namespace cleanup requires manual verification

Warnings
  5 CRs have uncertain provenance (owned API, but origin unknown)
  2 CRDs eligible for removal but kept by default (use --prune-crds)

Summary: 7 DELETE, 0 EXPECT-GONE, 5 KEEP, 1 REVIEW
  0 blockers, 2 warnings
📄 Plan saved to /tmp/oc-deps-plans/teardown-authorino-operator.v1.4.3-2026-09-29T17-26-55.234188366_00-00.json
📄 Execution plan saved to /tmp/oc-deps-issue46-impl/logs/full-teardown-completion/phase-d-evidence/cycle-a-v3/plans/authorino-operator.json

⏱ Discovery: 33.6s, OLM: 1.9s, Plan: 1.8s, Total: 37.5s
exit=0
