🔍 Discovering API resources...
🔍 Discovering operators... found 19 operators
🔍 Discovering CR instances...
 found 0 direct instances
🔍 Discovering related CRD instances... 0 CRDs, 0 instances
🔍 Running preflight checks... done
🔍 Discovering namespace resources... done
Targets
  authorino-operator.v1.4.3 (ns: openshift-rhcl) (Subscription/authorino-operator-stable-redhat-operators-openshift-marketplace@openshift-rhcl)

Preflight
  ✓ Subscription resolved (authorino-operator.v1.4.3) — Subscription/authorino-operator-stable-redhat-operators-openshift-marketplace found — will be deleted in Phase 0
  ✓ CSV health (authorino-operator.v1.4.3) — phase=Succeeded
  ✓ Controller available (authorino-operator.v1.4.3) — authorino-operator: Available (1)

Phase 0  Freeze OLM
  DELETE Subscription/authorino-operator-stable-redhat-operators-openshift-marketplace  (ns: openshift-rhcl)
         freeze OLM to prevent re-install
  KEEP   ClusterServiceVersion/authorino-operator.v1.4.3  (ns: openshift-rhcl)
         controller needed for operand cleanup

  BARRIER Subscriptions deleted, controllers verified available

Phase 1  Trigger operand cleanup
  (none)

Phase 2  Remaining cleanup
  (none)

Phase 3  Remove Operator controllers
  DELETE ClusterServiceVersion/authorino-operator.v1.4.3  (ns: openshift-rhcl)
         operator controller no longer needed

  BARRIER Layer 0 CSVs deleted

Phase 4  Namespace cleanup
  KEEP   OperatorGroup/rhcl-operator  (ns: openshift-rhcl)
         other operators remain in namespace
  REVIEW Lease/aac3a15d.authorino.kuadrant.io  (ns: openshift-rhcl)
         leader election lease (holder references operator deployment)

Phase 5  APIs
  KEEP   CustomResourceDefinition/authconfigs.authorino.kuadrant.io  (cluster-scoped)
         eligible for prune (use --prune-crds to remove)
  KEEP   CustomResourceDefinition/authorinos.operator.authorino.kuadrant.io  (cluster-scoped)
         eligible for prune (use --prune-crds to remove)

Phase 6  Namespaces
  KEEP   Namespace/openshift-rhcl  (cluster-scoped)
         namespace cleanup requires manual verification

Warnings
  2 CRDs eligible for removal but kept by default (use --prune-crds)

Summary: 2 DELETE, 0 EXPECT-GONE, 5 KEEP, 1 REVIEW
  0 blockers, 1 warnings
📄 Plan saved to /tmp/oc-deps-plans/teardown-authorino-operator.v1.4.3-2026-09-29T18-59-21.142693679_00-00.json
📄 Execution plan saved to logs/full-teardown-completion/phase-d-evidence/cycle-a-v3/plans/authorino-operator-final.json

⏱ Discovery: 34.2s, OLM: 2.2s, Plan: 2.6s, Total: 39.3s
