🔍 Discovering API resources...
   (cached, 465 types)
   Discovery: 0.0s
🔍 Discovering operators... found 29 operators
🔍 Discovering controller pods... found 1 pods
🔍 Discovering CR instances...
 found 4 instances
🔍 Discovering related CRDs... found 0 related instances
🔍 Discovering namespace scope...
 found 2 candidate namespaces
🔍 Scanning 2 additional namespace(s)...
[namespace 1/2: openshift-jobset] elapsed 0s
✅ Scanned 268 resource types in 24.0s
   openshift-jobset — 61 resources
[namespace 2/2: cert-manager-operator] elapsed 24s
✅ Scanned 268 resource types in 13.8s
   cert-manager-operator — 40 resources
   Scanned 2 namespace(s), 101 total resources

Coverage: 551 queries, 551 success, 0 incomplete, 0 absent, 0 missing (196.2s)
Query planner: 571 demands, 550 unique, 550 network, 21 cache hits (194.5s)
