🔍 Discovering API resources...
   (cached, 465 types)
   Discovery: 0.0s
🔍 Discovering operators... found 29 operators
🔍 Discovering controller pods... found 5 pods
🔍 Discovering CR instances...
 found 4 instances
🔍 Discovering related CRDs... found 0 related instances
🔍 Discovering namespace scope...
 found 2 candidate namespaces
🔍 Scanning 2 additional namespace(s)...
[namespace 1/2: openshift-cluster-observability-operator] elapsed 0s
✅ Scanned 268 resource types in 16.4s
   openshift-cluster-observability-operator — 83 resources
[namespace 2/2: redhat-ods-monitoring] elapsed 16s
✅ Scanned 268 resource types in 27.7s
   redhat-ods-monitoring — 30 resources
   Scanned 2 namespace(s), 113 total resources

Coverage: 565 queries, 565 success, 0 incomplete, 0 absent, 0 missing (191.2s)
Query planner: 604 demands, 564 unique, 564 network, 40 cache hits (190.3s)
