🔍 Discovering API resources...
   (cached, 465 types)
   Discovery: 0.0s
🔍 Discovering operators... found 29 operators
🔍 Discovering controller pods... found 3 pods
🔍 Discovering CR instances...
 found 1 instances
🔍 Discovering related CRDs... found 0 related instances
🔍 Discovering namespace scope...
INFO: Rejected namespace candidate "redhat-ai-gateway-infra/maas-api-route" (invalid DNS label: contains '/')
  Source: Limitador/limitador field=limits[0].namespace
 found 1 candidate namespaces
🔍 Scanning 1 additional namespace(s)...
[namespace 1/1: openshift-rhcl] elapsed 0s
✅ Scanned 268 resource types in 24.4s
   openshift-rhcl — 144 resources
   Scanned 1 namespace(s), 144 total resources
   Found 7 ownerRef descendants in scanned namespaces

Coverage: 274 queries, 274 success, 0 incomplete, 0 absent, 0 missing (136.5s)
Query planner: 276 demands, 273 unique, 273 network, 3 cache hits (135.1s)
