🔍 Discovering API resources...
   (cached, 465 types)
   Discovery: 0.0s
🔍 Discovering operators... found 29 operators
🔍 Discovering controller pods... found 1 pods
🔍 Discovering CR instances...
 found 2 instances
🔍 Discovering related CRDs... found 0 related instances
🔍 Discovering namespace scope...
 found 2 candidate namespaces
🔍 Scanning 2 additional namespace(s)...
[namespace 1/2: openshift-nfd] elapsed 0s
✅ Scanned 268 resource types in 18.6s
   openshift-nfd — 69 resources
[namespace 2/2: y] elapsed 18s
✅ Scanned 268 resource types in 13.2s
   y — 0 resources
   Scanned 2 namespace(s), 69 total resources
   Found 10 ownerRef descendants in scanned namespaces

Coverage: 547 queries, 547 success, 0 incomplete, 0 absent, 0 missing (206.0s)
Query planner: 559 demands, 546 unique, 546 network, 13 cache hits (205.2s)
