🔍 Discovering API resources...
   (cached, 465 types)
   Discovery: 0.0s
🔍 Discovering operators... found 29 operators
🔍 Discovering controller pods... found 3 pods
🔍 Discovering CR instances...
 found 13 instances
🔍 Discovering related CRDs...
 found 92 related instances
🔍 Discovering namespace scope...

 found 7 candidate namespaces
🔍 Scanning 7 additional namespace(s)...
[namespace 1/7: redhat-ods-operator] elapsed 0s
✅ Scanned 268 resource types in 19.5s
   redhat-ods-operator — 46 resources
[namespace 2/7: rhoai-model-registries] elapsed 19s
✅ Scanned 268 resource types in 19.1s
   rhoai-model-registries — 54 resources
[namespace 3/7: redhat-ods-monitoring] elapsed 38s
✅ Scanned 268 resource types in 20.7s
   redhat-ods-monitoring — 30 resources
[namespace 4/7: ai-tenants] elapsed 59s
✅ Scanned 268 resource types in 17.8s
   ai-tenants — 26 resources
[namespace 5/7: rhods-notebooks] elapsed 77s
✅ Scanned 268 resource types in 28.8s
   rhods-notebooks — 25 resources
[namespace 6/7: models-as-a-service] elapsed 105s
✅ Scanned 268 resource types in 24.5s
   models-as-a-service — 32 resources
[namespace 7/7: redhat-ods-applications] elapsed 130s
✅ Scanned 268 resource types in 32.3s
   redhat-ods-applications — 667 resources
   Scanned 7 namespace(s), 880 total resources
   Found 214 ownerRef descendants in scanned namespaces

Coverage: 1968 queries, 1968 success, 0 incomplete, 0 absent, 0 missing (622.5s)
Query planner: 2074 demands, 1967 unique, 1967 network, 107 cache hits (621.7s)
