Discovering canonical GVRs from raw API...
Found 538 listable GVRs (all served versions)
SPOT CHECK OK: configmaps /v1/ConfigMap ns=True
SPOT CHECK OK: deployments apps/v1/Deployment ns=True
SPOT CHECK OK: persesdashboards perses.dev/v1alpha2/PersesDashboard ns=True
SPOT CHECK OK: authpolicies kuadrant.io/v1/AuthPolicy ns=True
SPOT CHECK OK: tokenratelimitpolicies kuadrant.io/v1alpha1/TokenRateLimitPolicy ns=True
SPOT CHECK OK: envoyfilters networking.istio.io/v1alpha3/EnvoyFilter ns=True
Catalog saved: 538 GVRs
Collecting inventory...
  /v1/componentstatuses: 3
  /v1/configmaps: 901
  /v1/endpoints: 201
  /v1/events: 1457
  /v1/namespaces: 99
  /v1/nodes: 1
  /v1/persistentvolumeclaims: 9
  /v1/persistentvolumes: 8
  /v1/pods: 250
  /v1/resourcequotas: 1
  /v1/secrets: 986
  /v1/serviceaccounts: 631
  /v1/services: 203
  admissionregistration.k8s.io/v1/mutatingwebhookconfigurations: 27
  admissionregistration.k8s.io/v1/validatingadmissionpolicies: 14
  admissionregistration.k8s.io/v1/validatingadmissionpolicybindings: 14
  admissionregistration.k8s.io/v1/validatingwebhookconfigurations: 49
  apiextensions.k8s.io/v1/customresourcedefinitions: 395
  apiregistration.k8s.io/v1/apiservices: 172
  apps/v1/controllerrevisions: 42
  apps/v1/daemonsets: 29
  apps/v1/deployments: 158
  apps/v1/replicasets: 215
  apps/v1/statefulsets: 7
  authorino.kuadrant.io/v1beta3/authconfigs: 4
  authorization.openshift.io/v1/clusterrolebindings: 422
  authorization.openshift.io/v1/clusterroles: 1447
  authorization.openshift.io/v1/rolebindings: 663
  authorization.openshift.io/v1/roles: 334
  autoscaling/v1/horizontalpodautoscalers: 4
  autoscaling/v2/horizontalpodautoscalers: 4
  batch/v1/cronjobs: 2
  batch/v1/jobs: 56
  cert-manager.io/v1/certificates: 2
  cert-manager.io/v1/issuers: 1
  certificates.k8s.io/v1/certificatesigningrequests: 1
  cloudcredential.openshift.io/v1/credentialsrequests: 45
  components.platform.opendatahub.io/v1alpha1/aigateways: 1
  components.platform.opendatahub.io/v1alpha1/dashboards: 1
  components.platform.opendatahub.io/v1alpha1/datasciencepipelines: 1
  components.platform.opendatahub.io/v1alpha1/feastoperators: 1
  components.platform.opendatahub.io/v1alpha1/kserves: 1
  components.platform.opendatahub.io/v1alpha1/mlflowoperators: 1
  components.platform.opendatahub.io/v1alpha1/modelregistries: 1
  components.platform.opendatahub.io/v1alpha1/ogxs: 1
  components.platform.opendatahub.io/v1alpha1/rays: 1
  components.platform.opendatahub.io/v1alpha1/trainers: 1
  components.platform.opendatahub.io/v1alpha1/trainingoperators: 1
  components.platform.opendatahub.io/v1alpha1/trustyais: 1
  components.platform.opendatahub.io/v1alpha1/workbenches: 1
  config.openshift.io/v1/apiservers: 1
  config.openshift.io/v1/authentications: 1
  config.openshift.io/v1/builds: 1
  config.openshift.io/v1/clusterimagepolicies: 1
  config.openshift.io/v1/clusteroperators: 34
  config.openshift.io/v1/clusterversions: 1
  config.openshift.io/v1/consoles: 1
  config.openshift.io/v1/dnses: 1
  config.openshift.io/v1/featuregates: 1
  config.openshift.io/v1/imagedigestmirrorsets: 1
  config.openshift.io/v1/images: 1
  config.openshift.io/v1/infrastructures: 1
  config.openshift.io/v1/ingresses: 1
  config.openshift.io/v1/insightsdatagathers: 1
  config.openshift.io/v1/networks: 1
  config.openshift.io/v1/nodes: 1
  config.openshift.io/v1/oauths: 1
  config.openshift.io/v1/operatorhubs: 1
  config.openshift.io/v1/projects: 1
  config.openshift.io/v1/proxies: 1
  config.openshift.io/v1/schedulers: 1
  console.openshift.io/v1/consoleclidownloads: 5
  console.openshift.io/v1/consolelinks: 2
  console.openshift.io/v1/consoleplugins: 4
  console.openshift.io/v1/consolequickstarts: 29
  console.openshift.io/v1/consoleyamlsamples: 3
  console.openshift.io/v1/odhquickstarts: 6
  controlplane.operator.openshift.io/v1alpha1/podnetworkconnectivitychecks: 9
  coordination.k8s.io/v1/leases: 100
  dashboard.opendatahub.io/v1/odhapplications: 12
  dashboard.opendatahub.io/v1/odhdocuments: 24
  datasciencecluster.opendatahub.io/v1/datascienceclusters: 1
  datasciencecluster.opendatahub.io/v2/datascienceclusters: 1
  discovery.k8s.io/v1/endpointslices: 201
  dscinitialization.opendatahub.io/v1/dscinitializations: 1
  dscinitialization.opendatahub.io/v2/dscinitializations: 1
  events.k8s.io/v1/events: 1457
  flowcontrol.apiserver.k8s.io/v1/flowschemas: 23
  flowcontrol.apiserver.k8s.io/v1/prioritylevelconfigurations: 9
  gateway.networking.k8s.io/v1/gatewayclasses: 1
  gateway.networking.k8s.io/v1/gateways: 2
  gateway.networking.k8s.io/v1/httproutes: 5
  gateway.networking.k8s.io/v1beta1/gatewayclasses: 1
  gateway.networking.k8s.io/v1beta1/gateways: 2
  gateway.networking.k8s.io/v1beta1/httproutes: 5
  gateway.networking.k8s.io/v1beta1/referencegrants: 1
  helm.openshift.io/v1beta1/helmchartrepositories: 1
  image.openshift.io/v1/images: 328
  image.openshift.io/v1/imagestreams: 88
  image.openshift.io/v1/imagestreamtags: 366
  image.openshift.io/v1/imagetags: 366
  imageregistry.operator.openshift.io/v1/configs: 1
  imageregistry.operator.openshift.io/v1/imagepruners: 1
  infrastructure.opendatahub.io/v1/hardwareprofiles: 2
  infrastructure.opendatahub.io/v1alpha1/hardwareprofiles: 2
  ingress.operator.openshift.io/v1/dnsrecords: 2
  insights.openshift.io/v1/datagathers: 12
  k8s.cni.cncf.io/v1/network-attachment-definitions: 1
  k8s.keycloak.org/v2alpha1/keycloakrealmimports: 1
  k8s.keycloak.org/v2alpha1/keycloaks: 1
  k8s.keycloak.org/v2beta1/keycloakrealmimports: 1
  k8s.keycloak.org/v2beta1/keycloaks: 1
  kuadrant.io/v1/authpolicies: 1
  kuadrant.io/v1alpha1/tokenratelimitpolicies: 1
  kuadrant.io/v1beta1/kuadrants: 1
  limitador.kuadrant.io/v1alpha1/limitadors: 1
  maas.opendatahub.io/v1alpha1/aitenants: 1
  maas.opendatahub.io/v1alpha1/configs: 1
  maas.opendatahub.io/v1alpha1/maasauthpolicies: 2
  maas.opendatahub.io/v1alpha1/maassubscriptions: 2
  maas.opendatahub.io/v1alpha1/maastenantconfigs: 2
  machine.openshift.io/v1beta1/machinehealthchecks: 1
  machine.openshift.io/v1beta1/machines: 1
  machine.openshift.io/v1beta1/machinesets: 3
  machineconfiguration.openshift.io/v1/controllerconfigs: 1
  machineconfiguration.openshift.io/v1/machineconfignodes: 1
  machineconfiguration.openshift.io/v1/machineconfigpools: 2
  machineconfiguration.openshift.io/v1/machineconfigs: 16
  metrics.k8s.io/v1beta1/nodes: 1
  metrics.k8s.io/v1beta1/pods: 199
  migration.k8s.io/v1alpha1/storageversionmigrations: 7
  mlflow.opendatahub.io/v1/mlflows: 1
  monitoring.coreos.com/v1/alertmanagers: 1
  monitoring.coreos.com/v1/podmonitors: 6
  monitoring.coreos.com/v1/prometheuses: 1
  monitoring.coreos.com/v1/prometheusrules: 55
  monitoring.coreos.com/v1/servicemonitors: 87
  network.operator.openshift.io/v1/operatorpkis: 3
  networking.istio.io/v1/destinationrules: 4
  networking.istio.io/v1alpha3/destinationrules: 4
  networking.istio.io/v1alpha3/envoyfilters: 6
  networking.istio.io/v1beta1/destinationrules: 4
  networking.k8s.io/v1/ingressclasses: 1
  networking.k8s.io/v1/ipaddresses: 175
  networking.k8s.io/v1/networkpolicies: 171
  networking.k8s.io/v1/servicecidrs: 1
  nfd.k8s-sigs.io/v1alpha1/nodefeatures: 1
  nfd.openshift.io/v1/nodefeaturediscoveries: 1
  node.k8s.io/v1/runtimeclasses: 3
  noobaa.io/v1alpha1/backingstores: 1
  noobaa.io/v1alpha1/bucketclasses: 1
  noobaa.io/v1alpha1/noobaas: 1
  nvidia.com/v1/clusterpolicies: 1
  oauth.openshift.io/v1/oauthaccesstokens: 1 (REDACTED)
  oauth.openshift.io/v1/oauthauthorizetokens: 0 (REDACTED)
  oauth.openshift.io/v1/oauthclients: 5
  oauth.openshift.io/v1/useroauthaccesstokens: 1 (REDACTED)
  objectbucket.io/v1alpha1/objectbucketclaims: 2
  objectbucket.io/v1alpha1/objectbuckets: 2
  ogx.io/v1beta1/ogxservers: 1
  olm.operatorframework.io/v1/clustercatalogs: 3
  opendatahub.io/v1alpha/odhdashboardconfigs: 1
  operator.authorino.kuadrant.io/v1beta1/authorinos: 1
  operator.openshift.io/v1/authentications: 1
  operator.openshift.io/v1/cloudcredentials: 1
  operator.openshift.io/v1/clustercsidrivers: 1
  operator.openshift.io/v1/configs: 1
  operator.openshift.io/v1/consoles: 1
  operator.openshift.io/v1/csisnapshotcontrollers: 1
  operator.openshift.io/v1/dnses: 1
  operator.openshift.io/v1/etcds: 1
  operator.openshift.io/v1/ingresscontrollers: 1
  operator.openshift.io/v1/insightsoperators: 1
  operator.openshift.io/v1/jobsetoperators: 1
  operator.openshift.io/v1/kubeapiservers: 1
  operator.openshift.io/v1/kubecontrollermanagers: 1
  operator.openshift.io/v1/kubeschedulers: 1
  operator.openshift.io/v1/kubestorageversionmigrators: 1
  operator.openshift.io/v1/machineconfigurations: 1
  operator.openshift.io/v1/networks: 1
  operator.openshift.io/v1/olms: 1
  operator.openshift.io/v1/openshiftapiservers: 1
  operator.openshift.io/v1/openshiftcontrollermanagers: 1
  operator.openshift.io/v1/servicecas: 1
  operator.openshift.io/v1/storages: 1
  operator.openshift.io/v1alpha1/certmanagers: 1
  operators.coreos.com/v1/olmconfigs: 1
  operators.coreos.com/v1/operatorconditions: 29
  operators.coreos.com/v1/operatorgroups: 17
  operators.coreos.com/v1/operators: 29
  operators.coreos.com/v1alpha1/catalogsources: 3
  operators.coreos.com/v1alpha1/clusterserviceversions: 1009
  operators.coreos.com/v1alpha1/installplans: 16
  operators.coreos.com/v1alpha1/subscriptions: 28
  operators.coreos.com/v1alpha2/operatorgroups: 17
  operators.coreos.com/v2/operatorconditions: 29
  packages.operators.coreos.com/v1/packagemanifests: 617
  perses.dev/v1alpha1/persesdashboards: 4
  perses.dev/v1alpha2/persesdashboards: 4
  policy/v1/poddisruptionbudgets: 10
  project.openshift.io/v1/projects: 99
  rbac.authorization.k8s.io/v1/clusterrolebindings: 422
  rbac.authorization.k8s.io/v1/clusterroles: 1447
  rbac.authorization.k8s.io/v1/rolebindings: 663
  rbac.authorization.k8s.io/v1/roles: 334
  redhatcop.redhat.io/v1alpha1/groupsyncs: 1
  route.openshift.io/v1/routes: 19
  samples.operator.openshift.io/v1/configs: 1
  scheduling.k8s.io/v1/priorityclasses: 3
  security.internal.openshift.io/v1/rangeallocations: 1
  security.openshift.io/v1/securitycontextconstraints: 31
  services.platform.opendatahub.io/v1alpha1/auths: 1
  services.platform.opendatahub.io/v1alpha1/gatewayconfigs: 1
  services.platform.opendatahub.io/v1alpha1/monitorings: 1
  services.platform.opendatahub.io/v1alpha1/servicemeshes: 1
  serving.kserve.io/v1alpha1/clusterstoragecontainers: 1
  serving.kserve.io/v1alpha1/llminferenceserviceconfigs: 20
  serving.kserve.io/v1alpha2/llminferenceserviceconfigs: 20
  snapshot.storage.k8s.io/v1/volumesnapshotclasses: 1
  storage.k8s.io/v1/csidrivers: 1
  storage.k8s.io/v1/csinodes: 1
  storage.k8s.io/v1/storageclasses: 3
  storage.k8s.io/v1/volumeattachments: 6
  template.openshift.io/v1/templates: 65
  trainer.kubeflow.org/v1alpha1/clustertrainingruntimes: 12
  trustyai.opendatahub.io/v1alpha1/nemoguardrails: 1
  tuned.openshift.io/v1/profiles: 1
  tuned.openshift.io/v1/tuneds: 1
  user.openshift.io/v1/groups: 1
Done: 17786 objects, 0 failures, 3 redacted GVRs
  REDACTED: oauthaccesstokens count=1
  REDACTED: oauthauthorizetokens count=0
  REDACTED: useroauthaccesstokens count=1
Assertions: Secret rows=986, finalizers=True, token rows=0
Annotation policy smoke test PASS
Virtual endpoint smoke test PASS
Security smoke test PASS
All post-assertions PASS
