🔍 Discovering API resources...
   (cached, 465 types)
   Discovery: 0.0s
🔍 Discovering operators... found 29 operators
🔍 Discovering controller pods... found 5 pods
🔍 Discovering CR instances...
 found 4 instances
🔍 Discovering related CRDs... found 0 related instances
🔍 Discovering namespace scope...
 found 2 candidate namespaces
🔍 Scanning 2 additional namespace(s)...
[namespace 1/2: redhat-ods-monitoring] elapsed 0s
✅ Scanned 269 resource types in 28.3s
   redhat-ods-monitoring — 27 resources
[namespace 2/2: openshift-cluster-observability-operator] elapsed 28s
✅ Scanned 269 resource types in 21.7s
   openshift-cluster-observability-operator — 81 resources
   Scanned 2 namespace(s), 108 total resources

Coverage: 567 queries, 567 success, 0 incomplete, 0 absent, 0 missing (201.6s)
Query planner: 606 demands, 566 unique, 566 network, 40 cache hits (199.9s)
