🔍 Discovering API resources...
   (cached, 465 types)
   Discovery: 0.0s
🔍 Discovering operators... found 29 operators
🔍 Discovering controller pods... found 1 pods
🔍 Discovering CR instances...
 found 2 instances
🔍 Discovering related CRDs... found 0 related instances
🔍 Discovering namespace scope...
 found 2 candidate namespaces
🔍 Scanning 2 additional namespace(s)...
[namespace 1/2: y] elapsed 0s
✅ Scanned 269 resource types in 27.3s
   y — 0 resources
[namespace 2/2: openshift-nfd] elapsed 27s
✅ Scanned 269 resource types in 24.5s
   openshift-nfd — 67 resources
   Scanned 2 namespace(s), 67 total resources
   Found 10 ownerRef descendants in scanned namespaces

Coverage: 549 queries, 549 success, 0 incomplete, 0 absent, 0 missing (218.9s)
Query planner: 561 demands, 548 unique, 548 network, 13 cache hits (217.6s)
