🔍 Discovering API resources...
   Discovery: 33.5s
🔍 Discovering operators... found 29 operators
🔍 Discovering controller pods... found 3 pods
🔍 Discovering CR instances...
 found 13 instances
🔍 Discovering related CRDs...
 found 92 related instances
🔍 Discovering namespace scope...

 found 7 candidate namespaces
🔍 Scanning 7 additional namespace(s)...
[namespace 1/7: rhoai-model-registries] elapsed 0s
✅ Scanned 269 resource types in 16.5s
   rhoai-model-registries — 54 resources
[namespace 2/7: redhat-ods-monitoring] elapsed 16s
✅ Scanned 269 resource types in 17.6s
   redhat-ods-monitoring — 30 resources
[namespace 3/7: redhat-ods-applications] elapsed 34s
   ⚠ packages.operators.coreos.com/v1/packagemanifests — scan LIST timeout (30s), attempt 1/3 failed; retrying as 2/3
✅ Scanned 269 resource types in 58.6s
   redhat-ods-applications — 667 resources
[namespace 4/7: models-as-a-service] elapsed 92s
✅ Scanned 269 resource types in 28.5s
   models-as-a-service — 32 resources
[namespace 5/7: ai-tenants] elapsed 121s
✅ Scanned 269 resource types in 17.1s
   ai-tenants — 26 resources
[namespace 6/7: rhods-notebooks] elapsed 138s
✅ Scanned 269 resource types in 23.3s
   rhods-notebooks — 25 resources
[namespace 7/7: redhat-ods-operator] elapsed 161s
✅ Scanned 269 resource types in 26.0s
   redhat-ods-operator — 46 resources
   Scanned 7 namespace(s), 880 total resources
   Found 214 ownerRef descendants in scanned namespaces

Coverage: 2082 queries, 2082 success, 0 incomplete, 0 absent, 0 missing (699.2s)
